core_cm7.h:2229:22:SCB_EnableICache	4	static,ignoring_inline_asm
core_cm7.h:2265:22:SCB_InvalidateICache	4	static,ignoring_inline_asm
core_cm7.h:2281:22:SCB_EnableDCache	24	static,ignoring_inline_asm
core_cm7.h:2357:22:SCB_InvalidateDCache	24	static,ignoring_inline_asm
main.c:166:5:main	72	static
main.c:293:6:SystemClock_Config	216	static
main.c:376:13:MX_ADC3_Init	24	static
main.c:426:13:MX_CRC_Init	8	static
main.c:457:13:MX_DCMI_Init	8	static
main.c:494:13:MX_DMA2D_Init	8	static
main.c:531:13:MX_I2C1_Init	8	static
main.c:585:13:MX_I2C3_Init	8	static
main.c:640:13:MX_LTDC_Init	64	static
main.c:704:13:MX_QUADSPI_Init	8	static
main.c:749:13:MX_RTC_Init	80	static
main.c:841:13:MX_SAI2_Init	8	static
main.c:926:13:MX_SDMMC1_SD_Init	4	static
main.c:954:13:MX_SPDIFRX_Init	8	static
main.c:990:13:MX_TIM1_Init	112	static
main.c:1070:13:MX_TIM2_Init	64	static
main.c:1129:13:MX_TIM3_Init	64	static
main.c:1188:13:MX_TIM5_Init	64	static
main.c:1247:13:MX_TIM8_Init	40	static
main.c:1294:13:MX_TIM12_Init	40	static
main.c:1336:13:MX_USART1_UART_Init	8	static
main.c:1371:13:MX_USART6_UART_Init	8	static
main.c:1406:13:MX_DMA_Init	16	static
main.c:1448:13:MX_FMC_Init	40	static
main.c:1501:13:MX_GPIO_Init	72	static
main.c:1699:6:Error	16	static
main.c:1715:6:StartDefaultTask	16	static
main.c:1748:6:startUITask	48	static
main.c:1798:6:HAL_TIM_PeriodElapsedCallback	16	static
main.c:1815:6:Error_Handler	8	static
