stm32f7xx_it.c:79:6:NMI_Handler	4	static
stm32f7xx_it.c:94:6:HardFault_Handler	4	static
stm32f7xx_it.c:109:6:MemManage_Handler	4	static
stm32f7xx_it.c:124:6:BusFault_Handler	4	static
stm32f7xx_it.c:139:6:UsageFault_Handler	4	static
stm32f7xx_it.c:154:6:DebugMon_Handler	4	static
stm32f7xx_it.c:174:6:EXTI15_10_IRQHandler	8	static
stm32f7xx_it.c:188:6:TIM6_DAC_IRQHandler	8	static
stm32f7xx_it.c:202:6:DMA2_Stream0_IRQHandler	8	static
stm32f7xx_it.c:218:6:DMA2_Stream1_IRQHandler	8	static
stm32f7xx_it.c:234:6:DMA2_Stream4_IRQHandler	8	static
stm32f7xx_it.c:250:6:OTG_FS_IRQHandler	8	static
stm32f7xx_it.c:264:6:DMA2_Stream7_IRQHandler	8	static
stm32f7xx_it.c:280:6:DCMI_IRQHandler	8	static
stm32f7xx_it.c:296:6:DMA2D_IRQHandler	8	static
stm32f7xx_it.c:312:6:QUADSPI_IRQHandler	8	static
