stm32f7xx_hal_msp.c:71:6:HAL_MspInit	16	static
stm32f7xx_hal_msp.c:95:6:HAL_ADC_MspInit	48	static
stm32f7xx_hal_msp.c:140:6:HAL_ADC_MspDeInit	16	static
stm32f7xx_hal_msp.c:176:6:HAL_CRC_MspInit	24	static
stm32f7xx_hal_msp.c:198:6:HAL_CRC_MspDeInit	16	static
stm32f7xx_hal_msp.c:220:6:HAL_DCMI_MspInit	64	static
stm32f7xx_hal_msp.c:320:6:HAL_DCMI_MspDeInit	16	static
stm32f7xx_hal_msp.c:372:6:HAL_DMA2D_MspInit	24	static
stm32f7xx_hal_msp.c:397:6:HAL_DMA2D_MspDeInit	16	static
stm32f7xx_hal_msp.c:422:6:HAL_I2C_MspInit	56	static
stm32f7xx_hal_msp.c:486:6:HAL_I2C_MspDeInit	16	static
stm32f7xx_hal_msp.c:537:6:HAL_LTDC_MspInit	64	static
stm32f7xx_hal_msp.c:635:6:HAL_LTDC_MspDeInit	16	static
stm32f7xx_hal_msp.c:702:6:HAL_QSPI_MspInit	56	static
stm32f7xx_hal_msp.c:768:6:HAL_QSPI_MspDeInit	16	static
stm32f7xx_hal_msp.c:807:6:HAL_RTC_MspInit	16	static
stm32f7xx_hal_msp.c:829:6:HAL_RTC_MspDeInit	16	static
stm32f7xx_hal_msp.c:851:6:HAL_SD_MspInit	48	static
stm32f7xx_hal_msp.c:900:6:HAL_SD_MspDeInit	16	static
stm32f7xx_hal_msp.c:936:6:HAL_SPDIFRX_MspInit	48	static
stm32f7xx_hal_msp.c:971:6:HAL_SPDIFRX_MspDeInit	16	static
stm32f7xx_hal_msp.c:999:6:HAL_TIM_Base_MspInit	40	static
stm32f7xx_hal_msp.c:1065:6:HAL_TIM_PWM_MspInit	24	static
stm32f7xx_hal_msp.c:1081:6:HAL_TIM_MspPostInit	56	static
stm32f7xx_hal_msp.c:1196:6:HAL_TIM_Base_MspDeInit	16	static
stm32f7xx_hal_msp.c:1262:6:HAL_TIM_PWM_MspDeInit	16	static
stm32f7xx_hal_msp.c:1284:6:HAL_UART_MspInit	56	static
stm32f7xx_hal_msp.c:1352:6:HAL_UART_MspDeInit	16	static
stm32f7xx_hal_msp.c:1397:13:HAL_FMC_MspInit	32	static
stm32f7xx_hal_msp.c:1510:6:HAL_SDRAM_MspInit	16	static
stm32f7xx_hal_msp.c:1522:13:HAL_FMC_MspDeInit	8	static
stm32f7xx_hal_msp.c:1596:6:HAL_SDRAM_MspDeInit	16	static
stm32f7xx_hal_msp.c:1612:6:HAL_SAI_MspInit	48	static
stm32f7xx_hal_msp.c:1716:6:HAL_SAI_MspDeInit	16	static
